<?xml version="1.0" encoding="UTF-8"?>
<dataset>
	<classroom id_classroom="1" number="777" building="2" />
	<classroom id_classroom="2" number="124" building="1" />
	<classroom id_classroom="3" number="333" building="1" />
	<classroom id_classroom="4" number="222" building="2" />
	<classroom id_classroom="5" number="223" building="2" />
</dataset>