<?xml version="1.0" encoding="UTF-8"?>
<dataset>
	<lecturer id_lecturer="1" name_lecturer="Пиванов Иван Иваныч"
		id_chair="1" />
	<lecturer id_lecturer="2" name_lecturer="Сидоренко Евгения Петровна"
		id_chair="2" />
	<lecturer id_lecturer="3" name_lecturer="Петров Петр Петрович"
		id_chair="2" />
</dataset>