<?xml version="1.0" encoding="UTF-8"?>
<dataset>
	<chair id_chair="2" name_chair="Кафедра программного обеспечения" />
</dataset>